// Jest Snapshot v1, https://goo.gl/fbAQLP

exports[`Pruebas en <GifGrid/> debe hacer match con snapshop  1`] = `
<div>
  <h3>
    Goku
  </h3>
  <p>
    Loading...
  </p>
  <div
    class="card-grid"
  />
</div>
`;
